ls command to display the file.

git init to initialize git.if we initialize git , then only files will be tracked by git.

whenever you initialize git, you will create  hidden folder.
ctrl + shift + ` shortcut to open terminal.

sneha@LAPTOP-87R32I6D MINGW64 ~/OneDrive/Documents/DEVOPS/workspace (master)
$ ls
f1.txt

sneha@LAPTOP-87R32I6D MINGW64 ~/OneDrive/Documents/DEVOPS/workspace (master)
$ git status
On branch master

No commits yet

Untracked files:
  (use "git add <file>..." to include in what will be committed)
        f1.txt

nothing added to commit but untracked files present (use "git add" to track)

sneha@LAPTOP-87R32I6D MINGW64 ~/OneDrive/Documents/DEVOPS/workspace (master)
$ git add f1.txt

sneha@LAPTOP-87R32I6D MINGW64 ~/OneDrive/Documents/DEVOPS/workspace (master)
$ git status
On branch master

No commits yet

Changes to be committed:
  (use "git rm --cached <file>..." to unstage)
        new file:   f1.txt


sneha@LAPTOP-87R32I6D MINGW64 ~/OneDrive/Documents/DEVOPS/workspace (master)
$ git commit -m "text file added."
[master (root-commit) 5139a63] text file added.
 1 file changed, 0 insertions(+), 0 deletions(-)
 create mode 100644 f1.txt

sneha@LAPTOP-87R32I6D MINGW64 ~/OneDrive/Documents/DEVOPS/workspace (master)
$ git status
On branch master
nothing to commit, working tree clean

sneha@LAPTOP-87R32I6D MINGW64 ~/OneDrive/Documents/DEVOPS/workspace (master)
$ git log
commit 5139a63b1e8724980f6c2d4e35cce0bd54b61a2f (HEAD -> master)
Author: SnehaNair3 <snehanairk369@gmail.com>
Date:   Thu Mar 20 13:27:57 2025 +0530

    text file added.



Non staging area           staging area        commit
f1.txt                        git add ..         git commit -m ...
                                (copy)               (commit ID )

git can't track empty folder.
you can go back to previous versions or shift from version to another version using commit ID.




Steps in git bash here to move the file from non staging area to staging area

FATHIMATH SHABEEBA@LAPTOP-SS224LFG MINGW64 /c/DevOps (master)
$ touch f3.txt

FATHIMATH SHABEEBA@LAPTOP-SS224LFG MINGW64 /c/DevOps (master)
$ git add .

FATHIMATH SHABEEBA@LAPTOP-SS224LFG MINGW64 /c/DevOps (master)
$ git status
On branch master
Changes to be committed:
  (use "git restore --staged <file>..." to unstage)
        new file:   f3.txt


FATHIMATH SHABEEBA@LAPTOP-SS224LFG MINGW64 /c/DevOps (master)
$ git commit -m "initial commit"
[master 2020761] initial commit
 1 file changed, 0 insertions(+), 0 deletions(-)
 create mode 100644 f3.txt

FATHIMATH SHABEEBA@LAPTOP-SS224LFG MINGW64 /c/DevOps (master)
$ git log
commit 2020761808e3f020c97d23de3e96084bd75c1f33 (HEAD -> master)
Author: FathimaShabeeba28 <shebiikochikars3@gmail.com>
Date:   Fri Mar 21 13:30:56 2025 +0530

    initial commit

commit 998273233a3b13398cb07389e21dda72f62f1442
Author: FathimaShabeeba28 <shebiikochikars3@gmail.com>
Date:   Fri Mar 21 13:24:04 2025 +0530

    initial commit

commit ac72827f6849d0ad5cf98b98f48a0b09a3873333
Author: FathimaShabeeba28 <shebiikochikars3@gmail.com>
Date:   Fri Mar 21 13:21:29 2025 +0530

    initial commit